Release 14.5 Map P.58f (nt64)
Xilinx Map Application Log File for Design 'RAM'

Design Information
------------------
Command Line   : map -intstyle ise -p xa7a100t-csg324-2I -w -logic_opt off -ol
high -t 1 -xt 0 -register_duplication off -r 4 -mt off -ir off -pr off -lc off
-power off -o RAM_map.ncd RAM.ngd RAM.pcf 
Target Device  : xa7a100t
Target Package : csg324
Target Speed   : -2i
Mapper Version : aartix7 -- $Revision: 1.55 $
Mapped Date    : Tue Dec 09 22:53:51 2014

vvvvvvvvvvvvvvvvvvvvvvvvvvvvvvvvvvvvvvvvvvvvvvvvvvvvvvvvvvvvvvvvvvvvvv
INFO:Security:54 - 'xa7a100t' is a WebPack part.
INFO:Security:65 - Your license for 'ISE' is for trial use only.
INFO:Security:69 - Bitstream creation is disabled for trial licenses.
WARNING:Security:42 - Your software subscription period has lapsed. Your current
version of Xilinx tools will continue to function, but you no longer qualify for
Xilinx software updates or new releases.
----------------------------------------------------------------------
WARNING:LIT:701 - PAD symbol "clka" has an undefined IOSTANDARD.
WARNING:LIT:702 - PAD symbol "clka" is not constrained (LOC) to a specific
   location.
Mapping design into LUTs...
Running directed packing...
Running delay-based LUT packing...
Updating timing models...
INFO:Map:215 - The Interim Design Summary has been generated in the MAP Report
   (.mrp).
Running timing-driven placement...
Total REAL time at the beginning of Placer: 30 secs 
Total CPU  time at the beginning of Placer: 23 secs 

Phase 1.1  Initial Placement Analysis
Phase 1.1  Initial Placement Analysis (Checksum:b27) REAL time: 34 secs 

Phase 2.7  Design Feasibility Check
Phase 2.7  Design Feasibility Check (Checksum:b27) REAL time: 34 secs 

Phase 3.31  Local Placement Optimization
Phase 3.31  Local Placement Optimization (Checksum:b27) REAL time: 34 secs 

Phase 4.2  Initial Placement for Architecture Specific Features
...
Phase 4.2  Initial Placement for Architecture Specific Features
(Checksum:8917bdd9) REAL time: 36 secs 

Phase 5.30  Global Clock Region Assignment
Phase 5.30  Global Clock Region Assignment (Checksum:8917bdd9) REAL time: 36 secs 

Phase 6.3  Local Placement Optimization
...
Phase 6.3  Local Placement Optimization (Checksum:36f57c1c) REAL time: 37 secs 

Phase 7.5  Local Placement Optimization
Phase 7.5  Local Placement Optimization (Checksum:36f57c1c) REAL time: 37 secs 

Phase 8.8  Global Placement
........................................

..
....................................
Phase 8.8  Global Placement (Checksum:36f57c1c) REAL time: 38 secs 

Phase 9.5  Local Placement Optimization
Phase 9.5  Local Placement Optimization (Checksum:36f57c1c) REAL time: 38 secs 

Phase 10.18  Placement Optimization
Phase 10.18  Placement Optimization (Checksum:fd879324) REAL time: 39 secs 

Phase 11.5  Local Placement Optimization
Phase 11.5  Local Placement Optimization (Checksum:fd879324) REAL time: 39 secs 

Phase 12.34  Placement Validation
Phase 12.34  Placement Validation (Checksum:fd879324) REAL time: 39 secs 

Total REAL time to Placer completion: 39 secs 
Total CPU  time to Placer completion: 29 secs 
Running post-placement packing...
Writing output files...
WARNING:PhysDesignRules:2452 - The IOB douta<0> is either not constrained (LOC)
   to a specific location and/or has an undefined I/O Standard (IOSTANDARD).
   This condition may seriously affect the device and will be an error in
   bitstream creation. It should be corrected by properly specifying the pin
   location and I/O Standard.
WARNING:PhysDesignRules:2452 - The IOB douta<1> is either not constrained (LOC)
   to a specific location and/or has an undefined I/O Standard (IOSTANDARD).
   This condition may seriously affect the device and will be an error in
   bitstream creation. It should be corrected by properly specifying the pin
   location and I/O Standard.
WARNING:PhysDesignRules:2452 - The IOB douta<2> is either not constrained (LOC)
   to a specific location and/or has an undefined I/O Standard (IOSTANDARD).
   This condition may seriously affect the device and will be an error in
   bitstream creation. It should be corrected by properly specifying the pin
   location and I/O Standard.
WARNING:PhysDesignRules:2452 - The IOB douta<3> is either not constrained (LOC)
   to a specific location and/or has an undefined I/O Standard (IOSTANDARD).
   This condition may seriously affect the device and will be an error in
   bitstream creation. It should be corrected by properly specifying the pin
   location and I/O Standard.
WARNING:PhysDesignRules:2452 - The IOB clka is either not constrained (LOC) to a
   specific location and/or has an undefined I/O Standard (IOSTANDARD). This
   condition may seriously affect the device and will be an error in bitstream
   creation. It should be corrected by properly specifying the pin location and
   I/O Standard.
WARNING:PhysDesignRules:2452 - The IOB douta<4> is either not constrained (LOC)
   to a specific location and/or has an undefined I/O Standard (IOSTANDARD).
   This condition may seriously affect the device and will be an error in
   bitstream creation. It should be corrected by properly specifying the pin
   location and I/O Standard.
WARNING:PhysDesignRules:2452 - The IOB douta<5> is either not constrained (LOC)
   to a specific location and/or has an undefined I/O Standard (IOSTANDARD).
   This condition may seriously affect the device and will be an error in
   bitstream creation. It should be corrected by properly specifying the pin
   location and I/O Standard.
WARNING:PhysDesignRules:2452 - The IOB douta<6> is either not constrained (LOC)
   to a specific location and/or has an undefined I/O Standard (IOSTANDARD).
   This condition may seriously affect the device and will be an error in
   bitstream creation. It should be corrected by properly specifying the pin
   location and I/O Standard.
WARNING:PhysDesignRules:2452 - The IOB douta<7> is either not constrained (LOC)
   to a specific location and/or has an undefined I/O Standard (IOSTANDARD).
   This condition may seriously affect the device and will be an error in
   bitstream creation. It should be corrected by properly specifying the pin
   location and I/O Standard.
WARNING:PhysDesignRules:2452 - The IOB douta<8> is either not constrained (LOC)
   to a specific location and/or has an undefined I/O Standard (IOSTANDARD).
   This condition may seriously affect the device and will be an error in
   bitstream creation. It should be corrected by properly specifying the pin
   location and I/O Standard.
WARNING:PhysDesignRules:2452 - The IOB douta<9> is either not constrained (LOC)
   to a specific location and/or has an undefined I/O Standard (IOSTANDARD).
   This condition may seriously affect the device and will be an error in
   bitstream creation. It should be corrected by properly specifying the pin
   location and I/O Standard.
WARNING:PhysDesignRules:2452 - The IOB wea<0> is either not constrained (LOC) to
   a specific location and/or has an undefined I/O Standard (IOSTANDARD). This
   condition may seriously affect the device and will be an error in bitstream
   creation. It should be corrected by properly specifying the pin location and
   I/O Standard.
WARNING:PhysDesignRules:2452 - The IOB douta<10> is either not constrained (LOC)
   to a specific location and/or has an undefined I/O Standard (IOSTANDARD).
   This condition may seriously affect the device and will be an error in
   bitstream creation. It should be corrected by properly specifying the pin
   location and I/O Standard.
WARNING:PhysDesignRules:2452 - The IOB addra<0> is either not constrained (LOC)
   to a specific location and/or has an undefined I/O Standard (IOSTANDARD).
   This condition may seriously affect the device and will be an error in
   bitstream creation. It should be corrected by properly specifying the pin
   location and I/O Standard.
WARNING:PhysDesignRules:2452 - The IOB douta<11> is either not constrained (LOC)
   to a specific location and/or has an undefined I/O Standard (IOSTANDARD).
   This condition may seriously affect the device and will be an error in
   bitstream creation. It should be corrected by properly specifying the pin
   location and I/O Standard.
WARNING:PhysDesignRules:2452 - The IOB dina<0> is either not constrained (LOC)
   to a specific location and/or has an undefined I/O Standard (IOSTANDARD).
   This condition may seriously affect the device and will be an error in
   bitstream creation. It should be corrected by properly specifying the pin
   location and I/O Standard.
WARNING:PhysDesignRules:2452 - The IOB addra<1> is either not constrained (LOC)
   to a specific location and/or has an undefined I/O Standard (IOSTANDARD).
   This condition may seriously affect the device and will be an error in
   bitstream creation. It should be corrected by properly specifying the pin
   location and I/O Standard.
WARNING:PhysDesignRules:2452 - The IOB douta<12> is either not constrained (LOC)
   to a specific location and/or has an undefined I/O Standard (IOSTANDARD).
   This condition may seriously affect the device and will be an error in
   bitstream creation. It should be corrected by properly specifying the pin
   location and I/O Standard.
WARNING:PhysDesignRules:2452 - The IOB douta<20> is either not constrained (LOC)
   to a specific location and/or has an undefined I/O Standard (IOSTANDARD).
   This condition may seriously affect the device and will be an error in
   bitstream creation. It should be corrected by properly specifying the pin
   location and I/O Standard.
WARNING:PhysDesignRules:2452 - The IOB dina<1> is either not constrained (LOC)
   to a specific location and/or has an undefined I/O Standard (IOSTANDARD).
   This condition may seriously affect the device and will be an error in
   bitstream creation. It should be corrected by properly specifying the pin
   location and I/O Standard.
WARNING:PhysDesignRules:2452 - The IOB addra<2> is either not constrained (LOC)
   to a specific location and/or has an undefined I/O Standard (IOSTANDARD).
   This condition may seriously affect the device and will be an error in
   bitstream creation. It should be corrected by properly specifying the pin
   location and I/O Standard.
WARNING:PhysDesignRules:2452 - The IOB douta<13> is either not constrained (LOC)
   to a specific location and/or has an undefined I/O Standard (IOSTANDARD).
   This condition may seriously affect the device and will be an error in
   bitstream creation. It should be corrected by properly specifying the pin
   location and I/O Standard.
WARNING:PhysDesignRules:2452 - The IOB douta<21> is either not constrained (LOC)
   to a specific location and/or has an undefined I/O Standard (IOSTANDARD).
   This condition may seriously affect the device and will be an error in
   bitstream creation. It should be corrected by properly specifying the pin
   location and I/O Standard.
WARNING:PhysDesignRules:2452 - The IOB dina<2> is either not constrained (LOC)
   to a specific location and/or has an undefined I/O Standard (IOSTANDARD).
   This condition may seriously affect the device and will be an error in
   bitstream creation. It should be corrected by properly specifying the pin
   location and I/O Standard.
WARNING:PhysDesignRules:2452 - The IOB addra<3> is either not constrained (LOC)
   to a specific location and/or has an undefined I/O Standard (IOSTANDARD).
   This condition may seriously affect the device and will be an error in
   bitstream creation. It should be corrected by properly specifying the pin
   location and I/O Standard.
WARNING:PhysDesignRules:2452 - The IOB douta<14> is either not constrained (LOC)
   to a specific location and/or has an undefined I/O Standard (IOSTANDARD).
   This condition may seriously affect the device and will be an error in
   bitstream creation. It should be corrected by properly specifying the pin
   location and I/O Standard.
WARNING:PhysDesignRules:2452 - The IOB douta<22> is either not constrained (LOC)
   to a specific location and/or has an undefined I/O Standard (IOSTANDARD).
   This condition may seriously affect the device and will be an error in
   bitstream creation. It should be corrected by properly specifying the pin
   location and I/O Standard.
WARNING:PhysDesignRules:2452 - The IOB douta<30> is either not constrained (LOC)
   to a specific location and/or has an undefined I/O Standard (IOSTANDARD).
   This condition may seriously affect the device and will be an error in
   bitstream creation. It should be corrected by properly specifying the pin
   location and I/O Standard.
WARNING:PhysDesignRules:2452 - The IOB dina<3> is either not constrained (LOC)
   to a specific location and/or has an undefined I/O Standard (IOSTANDARD).
   This condition may seriously affect the device and will be an error in
   bitstream creation. It should be corrected by properly specifying the pin
   location and I/O Standard.
WARNING:PhysDesignRules:2452 - The IOB dina<10> is either not constrained (LOC)
   to a specific location and/or has an undefined I/O Standard (IOSTANDARD).
   This condition may seriously affect the device and will be an error in
   bitstream creation. It should be corrected by properly specifying the pin
   location and I/O Standard.
WARNING:PhysDesignRules:2452 - The IOB addra<4> is either not constrained (LOC)
   to a specific location and/or has an undefined I/O Standard (IOSTANDARD).
   This condition may seriously affect the device and will be an error in
   bitstream creation. It should be corrected by properly specifying the pin
   location and I/O Standard.
WARNING:PhysDesignRules:2452 - The IOB douta<15> is either not constrained (LOC)
   to a specific location and/or has an undefined I/O Standard (IOSTANDARD).
   This condition may seriously affect the device and will be an error in
   bitstream creation. It should be corrected by properly specifying the pin
   location and I/O Standard.
WARNING:PhysDesignRules:2452 - The IOB douta<23> is either not constrained (LOC)
   to a specific location and/or has an undefined I/O Standard (IOSTANDARD).
   This condition may seriously affect the device and will be an error in
   bitstream creation. It should be corrected by properly specifying the pin
   location and I/O Standard.
WARNING:PhysDesignRules:2452 - The IOB douta<31> is either not constrained (LOC)
   to a specific location and/or has an undefined I/O Standard (IOSTANDARD).
   This condition may seriously affect the device and will be an error in
   bitstream creation. It should be corrected by properly specifying the pin
   location and I/O Standard.
WARNING:PhysDesignRules:2452 - The IOB dina<4> is either not constrained (LOC)
   to a specific location and/or has an undefined I/O Standard (IOSTANDARD).
   This condition may seriously affect the device and will be an error in
   bitstream creation. It should be corrected by properly specifying the pin
   location and I/O Standard.
WARNING:PhysDesignRules:2452 - The IOB dina<11> is either not constrained (LOC)
   to a specific location and/or has an undefined I/O Standard (IOSTANDARD).
   This condition may seriously affect the device and will be an error in
   bitstream creation. It should be corrected by properly specifying the pin
   location and I/O Standard.
WARNING:PhysDesignRules:2452 - The IOB addra<5> is either not constrained (LOC)
   to a specific location and/or has an undefined I/O Standard (IOSTANDARD).
   This condition may seriously affect the device and will be an error in
   bitstream creation. It should be corrected by properly specifying the pin
   location and I/O Standard.
WARNING:PhysDesignRules:2452 - The IOB douta<16> is either not constrained (LOC)
   to a specific location and/or has an undefined I/O Standard (IOSTANDARD).
   This condition may seriously affect the device and will be an error in
   bitstream creation. It should be corrected by properly specifying the pin
   location and I/O Standard.
WARNING:PhysDesignRules:2452 - The IOB douta<24> is either not constrained (LOC)
   to a specific location and/or has an undefined I/O Standard (IOSTANDARD).
   This condition may seriously affect the device and will be an error in
   bitstream creation. It should be corrected by properly specifying the pin
   location and I/O Standard.
WARNING:PhysDesignRules:2452 - The IOB dina<5> is either not constrained (LOC)
   to a specific location and/or has an undefined I/O Standard (IOSTANDARD).
   This condition may seriously affect the device and will be an error in
   bitstream creation. It should be corrected by properly specifying the pin
   location and I/O Standard.
WARNING:PhysDesignRules:2452 - The IOB dina<12> is either not constrained (LOC)
   to a specific location and/or has an undefined I/O Standard (IOSTANDARD).
   This condition may seriously affect the device and will be an error in
   bitstream creation. It should be corrected by properly specifying the pin
   location and I/O Standard.
WARNING:PhysDesignRules:2452 - The IOB dina<20> is either not constrained (LOC)
   to a specific location and/or has an undefined I/O Standard (IOSTANDARD).
   This condition may seriously affect the device and will be an error in
   bitstream creation. It should be corrected by properly specifying the pin
   location and I/O Standard.
WARNING:PhysDesignRules:2452 - The IOB addra<6> is either not constrained (LOC)
   to a specific location and/or has an undefined I/O Standard (IOSTANDARD).
   This condition may seriously affect the device and will be an error in
   bitstream creation. It should be corrected by properly specifying the pin
   location and I/O Standard.
WARNING:PhysDesignRules:2452 - The IOB douta<17> is either not constrained (LOC)
   to a specific location and/or has an undefined I/O Standard (IOSTANDARD).
   This condition may seriously affect the device and will be an error in
   bitstream creation. It should be corrected by properly specifying the pin
   location and I/O Standard.
WARNING:PhysDesignRules:2452 - The IOB douta<25> is either not constrained (LOC)
   to a specific location and/or has an undefined I/O Standard (IOSTANDARD).
   This condition may seriously affect the device and will be an error in
   bitstream creation. It should be corrected by properly specifying the pin
   location and I/O Standard.
WARNING:PhysDesignRules:2452 - The IOB dina<6> is either not constrained (LOC)
   to a specific location and/or has an undefined I/O Standard (IOSTANDARD).
   This condition may seriously affect the device and will be an error in
   bitstream creation. It should be corrected by properly specifying the pin
   location and I/O Standard.
WARNING:PhysDesignRules:2452 - The IOB dina<13> is either not constrained (LOC)
   to a specific location and/or has an undefined I/O Standard (IOSTANDARD).
   This condition may seriously affect the device and will be an error in
   bitstream creation. It should be corrected by properly specifying the pin
   location and I/O Standard.
WARNING:PhysDesignRules:2452 - The IOB dina<21> is either not constrained (LOC)
   to a specific location and/or has an undefined I/O Standard (IOSTANDARD).
   This condition may seriously affect the device and will be an error in
   bitstream creation. It should be corrected by properly specifying the pin
   location and I/O Standard.
WARNING:PhysDesignRules:2452 - The IOB addra<7> is either not constrained (LOC)
   to a specific location and/or has an undefined I/O Standard (IOSTANDARD).
   This condition may seriously affect the device and will be an error in
   bitstream creation. It should be corrected by properly specifying the pin
   location and I/O Standard.
WARNING:PhysDesignRules:2452 - The IOB douta<18> is either not constrained (LOC)
   to a specific location and/or has an undefined I/O Standard (IOSTANDARD).
   This condition may seriously affect the device and will be an error in
   bitstream creation. It should be corrected by properly specifying the pin
   location and I/O Standard.
WARNING:PhysDesignRules:2452 - The IOB douta<26> is either not constrained (LOC)
   to a specific location and/or has an undefined I/O Standard (IOSTANDARD).
   This condition may seriously affect the device and will be an error in
   bitstream creation. It should be corrected by properly specifying the pin
   location and I/O Standard.
WARNING:PhysDesignRules:2452 - The IOB dina<7> is either not constrained (LOC)
   to a specific location and/or has an undefined I/O Standard (IOSTANDARD).
   This condition may seriously affect the device and will be an error in
   bitstream creation. It should be corrected by properly specifying the pin
   location and I/O Standard.
WARNING:PhysDesignRules:2452 - The IOB dina<14> is either not constrained (LOC)
   to a specific location and/or has an undefined I/O Standard (IOSTANDARD).
   This condition may seriously affect the device and will be an error in
   bitstream creation. It should be corrected by properly specifying the pin
   location and I/O Standard.
WARNING:PhysDesignRules:2452 - The IOB dina<22> is either not constrained (LOC)
   to a specific location and/or has an undefined I/O Standard (IOSTANDARD).
   This condition may seriously affect the device and will be an error in
   bitstream creation. It should be corrected by properly specifying the pin
   location and I/O Standard.
WARNING:PhysDesignRules:2452 - The IOB dina<30> is either not constrained (LOC)
   to a specific location and/or has an undefined I/O Standard (IOSTANDARD).
   This condition may seriously affect the device and will be an error in
   bitstream creation. It should be corrected by properly specifying the pin
   location and I/O Standard.
WARNING:PhysDesignRules:2452 - The IOB douta<19> is either not constrained (LOC)
   to a specific location and/or has an undefined I/O Standard (IOSTANDARD).
   This condition may seriously affect the device and will be an error in
   bitstream creation. It should be corrected by properly specifying the pin
   location and I/O Standard.
WARNING:PhysDesignRules:2452 - The IOB douta<27> is either not constrained (LOC)
   to a specific location and/or has an undefined I/O Standard (IOSTANDARD).
   This condition may seriously affect the device and will be an error in
   bitstream creation. It should be corrected by properly specifying the pin
   location and I/O Standard.
WARNING:PhysDesignRules:2452 - The IOB dina<8> is either not constrained (LOC)
   to a specific location and/or has an undefined I/O Standard (IOSTANDARD).
   This condition may seriously affect the device and will be an error in
   bitstream creation. It should be corrected by properly specifying the pin
   location and I/O Standard.
WARNING:PhysDesignRules:2452 - The IOB dina<15> is either not constrained (LOC)
   to a specific location and/or has an undefined I/O Standard (IOSTANDARD).
   This condition may seriously affect the device and will be an error in
   bitstream creation. It should be corrected by properly specifying the pin
   location and I/O Standard.
WARNING:PhysDesignRules:2452 - The IOB dina<23> is either not constrained (LOC)
   to a specific location and/or has an undefined I/O Standard (IOSTANDARD).
   This condition may seriously affect the device and will be an error in
   bitstream creation. It should be corrected by properly specifying the pin
   location and I/O Standard.
WARNING:PhysDesignRules:2452 - The IOB dina<31> is either not constrained (LOC)
   to a specific location and/or has an undefined I/O Standard (IOSTANDARD).
   This condition may seriously affect the device and will be an error in
   bitstream creation. It should be corrected by properly specifying the pin
   location and I/O Standard.
WARNING:PhysDesignRules:2452 - The IOB douta<28> is either not constrained (LOC)
   to a specific location and/or has an undefined I/O Standard (IOSTANDARD).
   This condition may seriously affect the device and will be an error in
   bitstream creation. It should be corrected by properly specifying the pin
   location and I/O Standard.
WARNING:PhysDesignRules:2452 - The IOB dina<9> is either not constrained (LOC)
   to a specific location and/or has an undefined I/O Standard (IOSTANDARD).
   This condition may seriously affect the device and will be an error in
   bitstream creation. It should be corrected by properly specifying the pin
   location and I/O Standard.
WARNING:PhysDesignRules:2452 - The IOB dina<16> is either not constrained (LOC)
   to a specific location and/or has an undefined I/O Standard (IOSTANDARD).
   This condition may seriously affect the device and will be an error in
   bitstream creation. It should be corrected by properly specifying the pin
   location and I/O Standard.
WARNING:PhysDesignRules:2452 - The IOB dina<24> is either not constrained (LOC)
   to a specific location and/or has an undefined I/O Standard (IOSTANDARD).
   This condition may seriously affect the device and will be an error in
   bitstream creation. It should be corrected by properly specifying the pin
   location and I/O Standard.
WARNING:PhysDesignRules:2452 - The IOB douta<29> is either not constrained (LOC)
   to a specific location and/or has an undefined I/O Standard (IOSTANDARD).
   This condition may seriously affect the device and will be an error in
   bitstream creation. It should be corrected by properly specifying the pin
   location and I/O Standard.
WARNING:PhysDesignRules:2452 - The IOB dina<17> is either not constrained (LOC)
   to a specific location and/or has an undefined I/O Standard (IOSTANDARD).
   This condition may seriously affect the device and will be an error in
   bitstream creation. It should be corrected by properly specifying the pin
   location and I/O Standard.
WARNING:PhysDesignRules:2452 - The IOB dina<25> is either not constrained (LOC)
   to a specific location and/or has an undefined I/O Standard (IOSTANDARD).
   This condition may seriously affect the device and will be an error in
   bitstream creation. It should be corrected by properly specifying the pin
   location and I/O Standard.
WARNING:PhysDesignRules:2452 - The IOB dina<18> is either not constrained (LOC)
   to a specific location and/or has an undefined I/O Standard (IOSTANDARD).
   This condition may seriously affect the device and will be an error in
   bitstream creation. It should be corrected by properly specifying the pin
   location and I/O Standard.
WARNING:PhysDesignRules:2452 - The IOB dina<26> is either not constrained (LOC)
   to a specific location and/or has an undefined I/O Standard (IOSTANDARD).
   This condition may seriously affect the device and will be an error in
   bitstream creation. It should be corrected by properly specifying the pin
   location and I/O Standard.
WARNING:PhysDesignRules:2452 - The IOB dina<19> is either not constrained (LOC)
   to a specific location and/or has an undefined I/O Standard (IOSTANDARD).
   This condition may seriously affect the device and will be an error in
   bitstream creation. It should be corrected by properly specifying the pin
   location and I/O Standard.
WARNING:PhysDesignRules:2452 - The IOB dina<27> is either not constrained (LOC)
   to a specific location and/or has an undefined I/O Standard (IOSTANDARD).
   This condition may seriously affect the device and will be an error in
   bitstream creation. It should be corrected by properly specifying the pin
   location and I/O Standard.
WARNING:PhysDesignRules:2452 - The IOB dina<28> is either not constrained (LOC)
   to a specific location and/or has an undefined I/O Standard (IOSTANDARD).
   This condition may seriously affect the device and will be an error in
   bitstream creation. It should be corrected by properly specifying the pin
   location and I/O Standard.
WARNING:PhysDesignRules:2452 - The IOB dina<29> is either not constrained (LOC)
   to a specific location and/or has an undefined I/O Standard (IOSTANDARD).
   This condition may seriously affect the device and will be an error in
   bitstream creation. It should be corrected by properly specifying the pin
   location and I/O Standard.

Design Summary
--------------

Design Summary:
Number of errors:      0
Number of warnings:   76
Slice Logic Utilization:
  Number of Slice Registers:                     0 out of 126,800    0%
  Number of Slice LUTs:                          0 out of  63,400    0%

Slice Logic Distribution:
  Number of occupied Slices:                     0 out of  15,850    0%
  Number of LUT Flip Flop pairs used:            0

IO Utilization:
  Number of bonded IOBs:                        74 out of     210   35%

Specific Feature Utilization:
  Number of RAMB36E1/FIFO36E1s:                  0 out of     135    0%
  Number of RAMB18E1/FIFO18E1s:                  1 out of     270    1%
    Number using RAMB18E1 only:                  1
    Number using FIFO18E1 only:                  0
  Number of BUFG/BUFGCTRLs:                      1 out of      32    3%
    Number used as BUFGs:                        1
    Number used as BUFGCTRLs:                    0
  Number of IDELAYE2/IDELAYE2_FINEDELAYs:        0 out of     300    0%
  Number of ILOGICE2/ILOGICE3/ISERDESE2s:        0 out of     300    0%
  Number of ODELAYE2/ODELAYE2_FINEDELAYs:        0
  Number of OLOGICE2/OLOGICE3/OSERDESE2s:        0 out of     300    0%
  Number of PHASER_IN/PHASER_IN_PHYs:            0 out of      24    0%
  Number of PHASER_OUT/PHASER_OUT_PHYs:          0 out of      24    0%
  Number of BSCANs:                              0 out of       4    0%
  Number of BUFHCEs:                             0 out of      96    0%
  Number of BUFRs:                               0 out of      24    0%
  Number of CAPTUREs:                            0 out of       1    0%
  Number of DNA_PORTs:                           0 out of       1    0%
  Number of DSP48E1s:                            0 out of     240    0%
  Number of EFUSE_USRs:                          0 out of       1    0%
  Number of FRAME_ECCs:                          0 out of       1    0%
  Number of IBUFDS_GTE2s:                        0 out of       4    0%
  Number of ICAPs:                               0 out of       2    0%
  Number of IDELAYCTRLs:                         0 out of       6    0%
  Number of IN_FIFOs:                            0 out of      24    0%
  Number of MMCME2_ADVs:                         0 out of       6    0%
  Number of OUT_FIFOs:                           0 out of      24    0%
  Number of PCIE_2_1s:                           0 out of       1    0%
  Number of PHASER_REFs:                         0 out of       6    0%
  Number of PHY_CONTROLs:                        0 out of       6    0%
  Number of PLLE2_ADVs:                          0 out of       6    0%
  Number of STARTUPs:                            0 out of       1    0%
  Number of XADCs:                               0 out of       1    0%

Average Fanout of Non-Clock Nets:                1.20

Peak Memory Usage:  762 MB
Total REAL time to MAP completion:  42 secs 
Total CPU time to MAP completion:   31 secs 

Mapping completed.
See MAP report file "RAM_map.mrp" for details.
