Release 14.5 - xst P.58f (nt64)
Copyright (c) 1995-2012 Xilinx, Inc.  All rights reserved.
--> Parameter TMPDIR set to xst/projnav.tmp


Total REAL time to Xst completion: 0.00 secs
Total CPU time to Xst completion: 0.13 secs
 
--> Parameter xsthdpdir set to xst


Total REAL time to Xst completion: 0.00 secs
Total CPU time to Xst completion: 0.13 secs
 
--> Reading design: top.prj

TABLE OF CONTENTS
  1) Synthesis Options Summary
  2) HDL Parsing
  3) HDL Elaboration
  4) HDL Synthesis
       4.1) HDL Synthesis Report
  5) Advanced HDL Synthesis
       5.1) Advanced HDL Synthesis Report
  6) Low Level Synthesis
  7) Partition Report
  8) Design Summary
       8.1) Primitive and Black Box Usage
       8.2) Device utilization summary
       8.3) Partition Resource Summary
       8.4) Timing Report
            8.4.1) Clock Information
            8.4.2) Asynchronous Control Signals Information
            8.4.3) Timing Summary
            8.4.4) Timing Details
            8.4.5) Cross Clock Domains Report


=========================================================================
*                      Synthesis Options Summary                        *
=========================================================================
---- Source Parameters
Input File Name                    : "top.prj"
Ignore Synthesis Constraint File   : NO

---- Target Parameters
Output File Name                   : "top"
Output Format                      : NGC
Target Device                      : xa7a100t-2I-csg324

---- Source Options
Top Module Name                    : top
Automatic FSM Extraction           : YES
FSM Encoding Algorithm             : Auto
Safe Implementation                : No
FSM Style                          : LUT
RAM Extraction                     : Yes
RAM Style                          : Auto
ROM Extraction                     : Yes
Shift Register Extraction          : YES
ROM Style                          : Auto
Resource Sharing                   : YES
Asynchronous To Synchronous        : NO
Shift Register Minimum Size        : 2
Use DSP Block                      : Auto
Automatic Register Balancing       : No

---- Target Options
LUT Combining                      : Auto
Reduce Control Sets                : Auto
Add IO Buffers                     : YES
Global Maximum Fanout              : 100000
Add Generic Clock Buffer(BUFG)     : 32
Register Duplication               : YES
Optimize Instantiated Primitives   : NO
Use Clock Enable                   : Auto
Use Synchronous Set                : Auto
Use Synchronous Reset              : Auto
Pack IO Registers into IOBs        : Auto
Equivalent register Removal        : YES

---- General Options
Optimization Goal                  : Speed
Optimization Effort                : 1
Power Reduction                    : NO
Keep Hierarchy                     : No
Netlist Hierarchy                  : As_Optimized
RTL Output                         : Yes
Global Optimization                : AllClockNets
Read Cores                         : YES
Write Timing Constraints           : NO
Cross Clock Analysis               : NO
Hierarchy Separator                : /
Bus Delimiter                      : <>
Case Specifier                     : Maintain
Slice Utilization Ratio            : 100
BRAM Utilization Ratio             : 100
DSP48 Utilization Ratio            : 100
Auto BRAM Packing                  : NO
Slice Utilization Ratio Delta      : 5

=========================================================================


=========================================================================
*                          HDL Parsing                                  *
=========================================================================
Parsing VHDL file "C:\Users\aisha\CPU1\register_file.vhd" into library work
Parsing entity <register_file>.
Parsing architecture <regArch> of entity <register_file>.
Parsing VHDL file "C:\Users\aisha\CPU1\reg32bits.vhd" into library work
Parsing entity <reg32bits>.
Parsing architecture <Behavioral> of entity <reg32bits>.
Parsing VHDL file "C:\Users\aisha\CPU1\program_counter.vhd" into library work
Parsing entity <program_counter>.
Parsing architecture <Behavioral> of entity <program_counter>.
Parsing VHDL file "C:\Users\aisha\CPU1\mux3b.vhd" into library work
Parsing entity <mux3b>.
Parsing architecture <Behavioral> of entity <mux3b>.
Parsing VHDL file "C:\Users\aisha\CPU1\mux.vhd" into library work
Parsing entity <mux>.
Parsing architecture <Behavioral> of entity <mux>.
Parsing VHDL file "C:\Users\aisha\CPU1\memory_address_register.vhd" into library work
Parsing entity <memory_address_register>.
Parsing architecture <Behavioral> of entity <memory_address_register>.
Parsing VHDL file "C:\Users\aisha\CPU1\memory.vhd" into library work
Parsing entity <memory>.
Parsing architecture <Behavioral> of entity <memory>.
Parsing VHDL file "C:\Users\aisha\CPU1\instruction_memory.vhd" into library work
Parsing entity <instruction_memory>.
Parsing architecture <Behavioral> of entity <instruction_memory>.
Parsing VHDL file "C:\Users\aisha\CPU1\instruction_decoder.vhd" into library work
Parsing entity <instruction_decoder>.
Parsing architecture <Behavioral> of entity <instruction_decoder>.
Parsing VHDL file "C:\Users\aisha\CPU1\control_unit.vhd" into library work
Parsing entity <control_unit>.
Parsing architecture <Behavioral> of entity <control_unit>.
Parsing VHDL file "C:\Users\aisha\CPU1\ALU.vhd" into library work
Parsing entity <ALU>.
Parsing architecture <Behavioral> of entity <alu>.
Parsing VHDL file "C:\Users\aisha\CPU1\top.vhd" into library work
Parsing entity <top>.
Parsing architecture <Behavioral> of entity <top>.
WARNING:HDLCompiler:946 - "C:\Users\aisha\CPU1\top.vhd" Line 282: Actual for formal port inputb is neither a static name nor a globally static expression
WARNING:HDLCompiler:946 - "C:\Users\aisha\CPU1\top.vhd" Line 355: Actual for formal port din is neither a static name nor a globally static expression

=========================================================================
*                            HDL Elaboration                            *
=========================================================================

Elaborating entity <top> (architecture <Behavioral>) from library <work>.

Elaborating entity <control_unit> (architecture <Behavioral>) from library <work>.
INFO:HDLCompiler:679 - "C:\Users\aisha\CPU1\control_unit.vhd" Line 108. Case statement is complete. others clause is never selected

Elaborating entity <program_counter> (architecture <Behavioral>) from library <work>.

Elaborating entity <instruction_memory> (architecture <Behavioral>) from library <work>.

Elaborating entity <instruction_decoder> (architecture <Behavioral>) from library <work>.

Elaborating entity <reg32bits> (architecture <Behavioral>) from library <work>.
WARNING:HDLCompiler:92 - "C:\Users\aisha\CPU1\reg32bits.vhd" Line 24: r_w should be on the sensitivity list of the process

Elaborating entity <mux> (architecture <Behavioral>) from library <work>.

Elaborating entity <ALU> (architecture <Behavioral>) from library <work>.

Elaborating entity <mux3b> (architecture <Behavioral>) from library <work>.

Elaborating entity <register_file> (architecture <regArch>) from library <work>.
WARNING:HDLCompiler:92 - "C:\Users\aisha\CPU1\register_file.vhd" Line 32: r_w should be on the sensitivity list of the process

Elaborating entity <memory> (architecture <Behavioral>) from library <work>.
WARNING:HDLCompiler:92 - "C:\Users\aisha\CPU1\memory.vhd" Line 29: r_w should be on the sensitivity list of the process

Elaborating entity <memory_address_register> (architecture <Behavioral>) from library <work>.
WARNING:HDLCompiler:92 - "C:\Users\aisha\CPU1\memory_address_register.vhd" Line 28: r_w should be on the sensitivity list of the process
WARNING:Xst:2972 - "C:\Users\aisha\CPU1\top.vhd" line 220. All outputs of instance <ctl> of block <control_unit> are unconnected in block <top>. Underlying logic will be removed.
WARNING:Xst:2972 - "C:\Users\aisha\CPU1\top.vhd" line 247. All outputs of instance <pc> of block <program_counter> are unconnected in block <top>. Underlying logic will be removed.
WARNING:Xst:2972 - "C:\Users\aisha\CPU1\top.vhd" line 255. All outputs of instance <irm> of block <instruction_memory> are unconnected in block <top>. Underlying logic will be removed.
WARNING:Xst:2972 - "C:\Users\aisha\CPU1\top.vhd" line 262. All outputs of instance <ird> of block <instruction_decoder> are unconnected in block <top>. Underlying logic will be removed.
WARNING:Xst:2972 - "C:\Users\aisha\CPU1\top.vhd" line 272. All outputs of instance <y> of block <reg32bits> are unconnected in block <top>. Underlying logic will be removed.
WARNING:Xst:2972 - "C:\Users\aisha\CPU1\top.vhd" line 280. All outputs of instance <mux_alu> of block <mux> are unconnected in block <top>. Underlying logic will be removed.
WARNING:Xst:2972 - "C:\Users\aisha\CPU1\top.vhd" line 287. All outputs of instance <alu2> of block <ALU> are unconnected in block <top>. Underlying logic will be removed.
WARNING:Xst:2972 - "C:\Users\aisha\CPU1\top.vhd" line 298. All outputs of instance <mux_reg> of block <mux> are unconnected in block <top>. Underlying logic will be removed.
WARNING:Xst:2972 - "C:\Users\aisha\CPU1\top.vhd" line 305. All outputs of instance <z> of block <reg32bits> are unconnected in block <top>. Underlying logic will be removed.
WARNING:Xst:2972 - "C:\Users\aisha\CPU1\top.vhd" line 313. All outputs of instance <mux_reg_addr> of block <mux3b> are unconnected in block <top>. Underlying logic will be removed.
WARNING:Xst:2972 - "C:\Users\aisha\CPU1\top.vhd" line 319. All outputs of instance <mux_reg_addr2> of block <mux3b> are unconnected in block <top>. Underlying logic will be removed.
WARNING:Xst:2972 - "C:\Users\aisha\CPU1\top.vhd" line 325. All outputs of instance <registers> of block <register_file> are unconnected in block <top>. Underlying logic will be removed.
WARNING:Xst:2972 - "C:\Users\aisha\CPU1\top.vhd" line 339. All outputs of instance <ram> of block <memory> are unconnected in block <top>. Underlying logic will be removed.
WARNING:Xst:2972 - "C:\Users\aisha\CPU1\top.vhd" line 350. All outputs of instance <mar> of block <memory_address_register> are unconnected in block <top>. Underlying logic will be removed.
WARNING:Xst:2972 - "C:\Users\aisha\CPU1\top.vhd" line 360. All outputs of instance <mdr> of block <reg32bits> are unconnected in block <top>. Underlying logic will be removed.

=========================================================================
*                           HDL Synthesis                               *
=========================================================================

Synthesizing Unit <top>.
    Related source file is "C:\Users\aisha\CPU1\top.vhd".
    Summary:
	no macro.
Unit <top> synthesized.

=========================================================================
HDL Synthesis Report

Found no macro
=========================================================================

=========================================================================
*                       Advanced HDL Synthesis                          *
=========================================================================

WARNING:Xst - The specified part-type was not generated at build time. XST is loading the full part-type and will therefore consume more CPU and memory.
Loading device for application Rf_Device from file '7a100t.nph' in environment C:\Xilinx\14.5\ISE_DS\ISE\.
Loading device for application Rf_Device from file '7a100t.nph' in environment C:\Xilinx\14.5\ISE_DS\ISE\.

=========================================================================
Advanced HDL Synthesis Report

Found no macro
=========================================================================

=========================================================================
*                         Low Level Synthesis                           *
=========================================================================

Optimizing unit <top> ...

Mapping all equations...
Building and optimizing final netlist ...
Found area constraint ratio of 100 (+ 5) on block top, actual ratio is 0.

Final Macro Processing ...

=========================================================================
Final Register Report

Found no macro
=========================================================================

=========================================================================
*                           Partition Report                            *
=========================================================================

Partition Implementation Status
-------------------------------

  No Partitions were found in this design.

-------------------------------

=========================================================================
*                            Design Summary                             *
=========================================================================

Top Level Output File Name         : top.ngc

Primitive and Black Box Usage:
------------------------------

Device utilization summary:
---------------------------

Selected Device : xa7a100tcsg324-2i 


Slice Logic Utilization: 

Slice Logic Distribution: 
 Number of LUT Flip Flop pairs used:      0
   Number with an unused Flip Flop:       0  out of      0         
   Number with an unused LUT:             0  out of      0         
   Number of fully used LUT-FF pairs:     0  out of      0         
   Number of unique control sets:         0

IO Utilization: 
 Number of IOs:                           2
 Number of bonded IOBs:                   0  out of    210     0%  

Specific Feature Utilization:

---------------------------
Partition Resource Summary:
---------------------------

  No Partitions were found in this design.

---------------------------


=========================================================================
Timing Report

NOTE: THESE TIMING NUMBERS ARE ONLY A SYNTHESIS ESTIMATE.
      FOR ACCURATE TIMING INFORMATION PLEASE REFER TO THE TRACE REPORT
      GENERATED AFTER PLACE-and-ROUTE.

Clock Information:
------------------
No clock signals found in this design

Asynchronous Control Signals Information:
----------------------------------------
No asynchronous control signals found in this design

Timing Summary:
---------------
Speed Grade: -2

   Minimum period: No path found
   Minimum input arrival time before clock: No path found
   Maximum output required time after clock: No path found
   Maximum combinational path delay: No path found

Timing Details:
---------------
All values displayed in nanoseconds (ns)

=========================================================================

Cross Clock Domains Report:
--------------------------

=========================================================================


Total REAL time to Xst completion: 45.00 secs
Total CPU time to Xst completion: 44.48 secs
 
--> 

Total memory usage is 755556 kilobytes

Number of errors   :    0 (   0 filtered)
Number of warnings :   22 (   0 filtered)
Number of infos    :    0 (   0 filtered)

